// Jest Snapshot v1, https://goo.gl/fbAQLP

exports[`should correctly render LoadingPage  1`] = `
<Layout
  className="loader"
>
  <img
    alt="loader"
    className="loader__image"
    src="/images/loader.gif"
  />
</Layout>
`;
