// Jest Snapshot v1, https://goo.gl/fbAQLP

exports[`should render MapContainer correctly 1`] = `<DefaultLoadingContainer />`;
