// Jest Snapshot v1, https://goo.gl/fbAQLP

exports[`should render Header coorectly 1`] = `
<Layout>
  404 - 
  <Link
    to="/"
  >
     Go Home 
  </Link>
</Layout>
`;
