// Jest Snapshot v1, https://goo.gl/fbAQLP

exports[`should render NotFoundPage correctly 1`] = `
<Layout
  className="container"
>
  404 - 
  <Link
    to="/"
  >
     Go Home 
  </Link>
</Layout>
`;
